// Jest Snapshot v1, https://goo.gl/fbAQLP

exports[`Tests in <AddCategory /> must be rendered correctly 1`] = `
<form
  onSubmit={[Function]}
>
  <input
    onChange={[Function]}
    type="text"
    value=""
  />
</form>
`;
